------------------------------------------------------------
Timing Analyzer Summary
------------------------------------------------------------

Type  : Slow 1200mV 85C Model Setup 'display:display|cfreq[8]'
Slack : -1.758
TNS   : -8.046

Type  : Slow 1200mV 85C Model Setup 'clk'
Slack : -0.931
TNS   : -4.834

Type  : Slow 1200mV 85C Model Hold 'clk'
Slack : 0.357
TNS   : 0.000

Type  : Slow 1200mV 85C Model Hold 'display:display|cfreq[8]'
Slack : 0.358
TNS   : 0.000

Type  : Slow 1200mV 85C Model Minimum Pulse Width 'clk'
Slack : -3.000
TNS   : -44.000

Type  : Slow 1200mV 85C Model Minimum Pulse Width 'display:display|cfreq[8]'
Slack : -1.000
TNS   : -8.000

Type  : Slow 1200mV 0C Model Setup 'display:display|cfreq[8]'
Slack : -1.466
TNS   : -6.466

Type  : Slow 1200mV 0C Model Setup 'clk'
Slack : -0.729
TNS   : -3.344

Type  : Slow 1200mV 0C Model Hold 'clk'
Slack : 0.311
TNS   : 0.000

Type  : Slow 1200mV 0C Model Hold 'display:display|cfreq[8]'
Slack : 0.312
TNS   : 0.000

Type  : Slow 1200mV 0C Model Minimum Pulse Width 'clk'
Slack : -3.000
TNS   : -44.000

Type  : Slow 1200mV 0C Model Minimum Pulse Width 'display:display|cfreq[8]'
Slack : -1.000
TNS   : -8.000

Type  : Fast 1200mV 0C Model Setup 'display:display|cfreq[8]'
Slack : -0.542
TNS   : -1.989

Type  : Fast 1200mV 0C Model Setup 'clk'
Slack : -0.488
TNS   : -0.488

Type  : Fast 1200mV 0C Model Hold 'clk'
Slack : 0.186
TNS   : 0.000

Type  : Fast 1200mV 0C Model Hold 'display:display|cfreq[8]'
Slack : 0.187
TNS   : 0.000

Type  : Fast 1200mV 0C Model Minimum Pulse Width 'clk'
Slack : -3.000
TNS   : -46.654

Type  : Fast 1200mV 0C Model Minimum Pulse Width 'display:display|cfreq[8]'
Slack : -1.000
TNS   : -8.000

------------------------------------------------------------
